<!DOCTYPE html>

<html lang="en">

    <head>
         <meta charset="UTF-8">
         <meta http-equiv="X-UA-Compatible" content="IE=edge">
         <title>Golden</title>
         <meta name="viewport" content="width=device-width, initial-scale=1.0">
         <link rel="preconnect" href="https://fonts.googleapis.com">
         <link rel="preconnect" href="https://fonts.gstatic.com" crossorigin>
         <link rel="preconnect" href="https://fonts.googleapis.com">
         <link rel="preconnect" href="https://fonts.gstatic.com" crossorigin>
         <link href="https://fonts.googleapis.com/css2?family=Roboto+Slab:wght@200&display=swap" rel="stylesheet">
         <link href="https://fonts.googleapis.com/css2?family=Pacifico&display=swap" rel="stylesheet">
         <link href="https://fonts.googleapis.com/css2?family=Montserrat:wght@100;300;700&display=swap" rel="stylesheet">
         <link href="https://fonts.googleapis.com/css2?family=Dancing+Script&display=swap" rel="stylesheet">
         <link rel="stylesheet" href="css/styles.css">
         <link rel="stylesheet" href="https://cdn.jsdelivr.net/npm/bootstrap@4.6.1/dist/css/bootstrap.min.css" integrity="sha384-zCbKRCUGaJDkqS1kPbPd7TveP5iyJE0EjAuZQTgFLD2ylzuqKfdKlfG/eSrtxUkn" crossorigin="anonymous">
    </head>
          
    <body>
        
         <section class="hero">
             <div class="container">
                     <div class="header row">
                           <div class="logo col-sm-12 col-md-6">
                                <h1>Golden</h1>
                           </div>
                           <div class="menu  col-sm-12 col-md-6">
                                <ul>
                                     <li a href="#">menu</li>
                                     <li a href="#">service</li>
                                     <li a href="#">portofolio</li>
                                     <li a href="#">about</li>
                                     <li a href="#">contact</li>
                                </ul>
                           </div>
                     </div>
                     <div class="title-content flex-column row">
                          <div class="title col-sm-12 col-md-6 col-lg-12">
                             <h1>Welcome To Our Studio</h1>
                          </div>
                          <div class="subtitle col-sm-12 col-md-12 col-lg-12">
                               <h2>it's nice to meet you </h2>
                          </div>
                          <div class="button-hero col-sm-12 col-md-12 col-lg-12">
                               <button>tell me more</button>
                          </div>

                     </div>
             </div>
         </section>

         <section class="services">
              <div class="services-content container">
                   <div class="services-title flex-column row">
                        <h2>services</h2>
                        <p>Proin iaculis purus consequat sem cure</p>
                   </div>
                   <div class="services-example row">
                        <div class="commerce col-sm-12 col-md-6 col-lg-4">
                               <img src="images/comerce.png" alt="">
                               <h3 class="services-mini-title">E-Commerce</h3>
                               <p class="services-mini-subtitle">Proin iaculis consequat sem cure<br>
                                    digni ssim. Donec porttitora etum suscipit<br>
                                   aenean rhoncus posuere odio in tincidunt.</p>
                        </div>

                        <div class="commerce col-sm-12 col-md-6 col-lg-4 ">
                               <img src="images/responsive.png" alt="">
                               <h3 class="services-mini-title">Responsive Web</h3>
                               <p class="services-mini-subtitle">Proin iaculis consequat sem cure<br>
                                digni ssim. Donec porttitora etum suscipit<br>
                               aenean rhoncus posuere odio in tincidunt.</p>
                         </div>

                         <div class="commerce col-sm-12 col-md-6 col-lg-4">
                               <img src="images/security.png" alt="">
                               <h3 class="services-mini-title">Web Security</h3>
                               <p class="services-mini-subtitle">Proin iaculis consequat sem cure<br>
                                  digni ssim. Donec porttitora etum suscipit<br>
                                 aenean rhoncus posuere odio in tincidunt.</p>
                         </div>
                   </div>

              </div>
                   
              </div>
         </section>

         <section class="our-portofolio ">
            <div class="our-all container">
               <div class="our-portofolio-title flex-column row">
                    <h2>our portofolio</h2>
                    <p>Proin iaculis purus consequat sem cure</p>
               </div>
               <div class="example-portofolio row">
                    <div class="example col-sm-12 col-md-12 col-lg-4">
                              <img src="images/portofolio1.png" alt="">
                              <div class="image-text col-md-12">
                              <h4>Ebony&Ivory</h4>
                              <p>Branding</p>
                              </div>
                    </div>

                    <div class="example col-sm-12 col-md-12 col-lg-4">
                         <img src="images/portofolio2.png" alt="">
                         <div class="image-text col-md-12">
                         <h4>Smart Stationary</h4>
                         <p>Print Design</p>
                         </div>
                    </div>

                    <div class="example col-sm-12 col-md-12 col-lg-4">
                         <img src="images/portofolio3.png" alt="">
                         <div class="image-text col-md-12">
                         <h4>Clever Poster</h4>
                         <p>Print Design</p>
                         </div>
                    </div>
               </div>

               <div class="example-portofolio2 row">
                    <div class="example col-sm-12 col-md-12 col-lg-4">
                              <img src="images/portofolio4.png" alt="">
                              <div class="image-text col-md-12">
                              <h4>Vinyl Record</h4>
                              <p>Product Mock-UP</p>
                              </div>
                    </div>

                    <div class="example col-sm-12 col-md-12 col-lg-4">
                         <img src="images/portofolio5.png" alt="">
                         <div class="image-text col-md-12">
                         <h4>Treehouse template</h4>
                         <p>Web Design</p>
                         </div>
                    </div>

                    <div class="example col-sm-12 col-md-12 col-lg-4">
                         <img src="images/portofolio6.png" alt="">
                         <div class="image-text col-md-12">
                         <h4>Burned Logo</h4>
                         <p>Branding</p>
                         </div>
                    </div>
               </div>
          </div>   
         </section>

         <section class="about-us container">
              <div class="about-us-title flex-column row">
                   <h2>about us</h2>
                   <p>Proin iaculis purus consequat sem cure</p>
              </div>
              <div class="about-us-items">
                    <div class="july-example flex-column-reverse flex-sm-row row">
                         <div class="july-txt col-sm-12 col-md-4 ">
                                   <h5>july 2010</h5>
                                   <h6>Our Humble Beginnings</h6>
                                   <p>Proin iaculis purus consequat sem cure<br>
                                   digini ssim. Donec porttitora entum suscipit<br>
                                   aenean rhoncus posuere odio in tincidunt. Proin<br>
                                   iaculis purus consequat sem cure digni ssim.<br>
                                   Donec porttitora entum suscipit.</p>
                         </div>
                         <div class="july-img col-sm-12 col-md-4">
                                   <img src="images/example1.png" alt="">
                         </div>
                    </div>
               
                              
                    <div class="january-example flex-row row">
                         <div class="january-img col-sm-12 col-md-4">
                                   <img src="images/january.png" alt="">
                         </div>
                         <div class="january-txt col-sm-12 col-md-4 ">
                                   <h5>january 2011</h5>
                                   <h6>Facing Startup Battles</h6>
                                   <p>Proin iaculis purus consequat sem cure<br>
                                   digini ssim. Donec porttitora entum suscipit<br>
                                   aenean rhoncus posuere odio in tincidunt. Proin<br>
                                   iaculis purus consequat sem cure digni ssim.<br>
                                   Donec porttitora entum suscipit.</p>
                         </div>
                    </div> 
                         
                    <div class="december-example flex-row row"> 
                         <div class="december-txt col-sm-12 col-md-4 ">
                                   <h5>December 2012</h5>
                                   <h6>Enter The Dark Days</h6>
                                   <p>Proin iaculis purus consequat sem cure<br>
                                   digini ssim. Donec porttitora entum suscipit<br>
                                   aenean rhoncus posuere odio in tincidunt. Proin<br>
                                   iaculis purus consequat sem cure digni ssim.<br>
                                   Donec porttitora entum suscipit.</p>
                         </div>
                         
                         <div class="december-img col-sm-12 col-md-4">
                              <img src="images/december.png" alt="">
                         </div>
                    </div>    
               
                              
                    <div class="february-example flex-row row">
                         <div class="february-img col-sm-12 col-md-4">
                              <img src="images/february.png" alt="">
                         </div>
                         <div class="february-txt col-sm-12 col-md-4 ">
                              <h5>february 2014</h5>
                              <h6>Our Triumph</h6>
                              <p>Proin iaculis purus consequat sem cure<br>
                              digini ssim. Donec porttitora entum suscipit<br>
                              aenean rhoncus posuere odio in tincidunt. Proin<br>
                              iaculis purus consequat sem cure digni ssim.<br>
                              Donec porttitora entum suscipit.</p>
                         </div>
                    </div>

                    <div class="about-example flex-row row">             
                         <div class="our-story-example col-sm-12 col-lg-12">
                              <div class="our-story-img">
                                   <img src="images/our story.png" alt="">
                              </div>
                              
                         </div> 
                    </div>
               </div>        
         </section>
      
          <section class="team">
               <div class="team-content container">
                     <div class="team-title flex-column row">
                         <h3>Our amazing team</h3>
                         <p>Proin iaculis purus consequat sem cure</p>
                     </div>
               </div>      

               <div class="allteam row">    
                     <div class="team-pers col-sm-12 col-md-4">
                          <div class="blabla ">
                         <img src="images/team.png" alt="">
                         <h5>Kimberly Thompson</h5>
                         <p>Marketer</p>
                      <div class="images-team">  
                         <div class="social">
                              <img src="images/Twitter.png" alt="">
                         </div>
                         <div class="social">
                              <img src="images/Facebook.png" alt="">
                         </div>
                         <div class="social">
                              <img src="images/Pinterest.png" alt="">
                         </div>
                         </div>
                         </div>
                    </div>

                    <div class="team-pers col-sm-12 col-md-4">
                         <div class="blabla ">
                         <img src="images/team.png" alt="">
                         <h5>Rico Masimo</h5>
                         <p>Coder</p>
                    <div class="images-team">  
                         <div class="social">
                              <img src="images/Twitter.png" alt="">
                         </div>
                         <div class="social">
                              <img src="images/Facebook.png" alt="">
                         </div>
                         <div class="social">
                              <img src="images/Pinterest.png" alt="">
                         </div>
                         </div>
                         </div>
                    </div>        
                    

                    <div class="team-pers col-sm-12 col-md-4">
                         <div class="blabla">
                              <img src="images/team.png" alt="">
                              <h5>Uku Mason</h5>
                              <p>Graphic Designer</p>
                         <div class="images-team">  
                         <div class="social">
                              <img src="images/Facebook.png" alt="">
                         </div>
                         <div class="social">
                              <img src="images/Pinterest.png" alt="">
                         </div>
                         </div>
                         </div>  
                   
                    </div>     
               </div> 

               <div class="text">
                    <p>Proin iaculis purus consequat sem cure digni ssim dcnec portitora entum suscipit<br>
                        aenean rhoncus posuere odio in tincidunt proin iaculis.</p>
               </div>
          </section>
          <section class="partener container">
          
               <div class="parteners row">
                    <img class="imo col-sm-12 col-md-3" src="images/p1.png" alt="">            
                    <img class="imo col-sm-12 col-md-3" src="images/p2.png" alt="">
                    <img class="imo col-sm-12 col-md-3" src="images/p3.png" alt="">
                    <img class="imo col-sm-12 col-md-3" src="images/p4.png" alt="">
               </div>
          
          </section>
          <section class="contactus">
            <div class="contact container">
               <div class="title flex-column row">
                    <h3>contact us</h3>
                    <p>Proin iaculis purus consequat sem cure</p>
               </div>
               <div class="tanana  row">
               <div class="mesaje-contain col-sm-12 col-lg-6">
                    <div class="your-name">
                         <input type="text" id="your" name="fname" placeholder="YOUR NAME*">
                    </div>
                    <div class="your-email">
                        <input type="text" id="your" name="fname" placeholder="YOUR E-MAIL*">
                    </div>
                          
                    <div class="subject">
                         <input type="text" id="your" name="fname" placeholder="SUBJECT*">
                    </div>

               </div>   
               <div class="bruuu col-sm-12 col-lg-6">
                    <form action="/action_page.php">
                         <textarea id="huh" name="huh" rows="5" cols="40">
                          YOUR MESAGE*
                           </textarea>
                    </form>
                </div>  
               </div>
               <div class="button">
                    <button>SEND MESSAGE</button>
               </div>
            </div>
          </section>
          <section class="footer container">
                 <div class="copyright row">
                    <div class="copyright-txt col-lg-3 ">
                      <p class="cpy">©Copyright 2014 FreebiesXpress.com</p>
                    </div>
                    <div class="copyright-img col-lg-3 ">
                         
                         <img src="images/f1.png" alt="">
                         <img src="images/f2.png" alt="">
                         <img src="images/f3.png" alt="">
                         <img src="images/f4.png" alt="">
                    

                    </div>

                 </div>
          </section>



         <script src="https://cdn.jsdelivr.net/npm/jquery@3.5.1/dist/jquery.slim.min.js" integrity="sha384-DfXdz2htPH0lsSSs5nCTpuj/zy4C+OGpamoFVy38MVBnE+IbbVYUew+OrCXaRkfj" crossorigin="anonymous"></script>
         <script src="https://cdn.jsdelivr.net/npm/bootstrap@4.6.1/dist/js/bootstrap.bundle.min.js" integrity="sha384-fQybjgWLrvvRgtW6bFlB7jaZrFsaBXjsOMm/tB9LTS58ONXgqbR9W8oWht/amnpF" crossorigin="anonymous"></script>
    </body> 
            
    
 
</html>